// Jest Snapshot v1, https://goo.gl/fbAQLP

exports[`ForgotPassword Component It should render without errors 1`] = `
<div>
  <div
    data-testid="background-image-container"
    style="background-image: url(bgimg.jpg); background-size: cover; background-repeat: no-repeat; background-position: center; height: 100vh; overflow: hidden;"
  >
    <div
      class="forgot-password-page"
    >
      <div
        class="forgot-password-page__container"
      >
        <div
          class="forgot-password-page__forgot-password-form"
        >
          <div
            class="forgot-password-page__heading"
          >
            <h1
              class="heading"
            >
              Fill in the below field
            </h1>
          </div>
          <h2
            class="forgot-password-page__sub-heading"
          >
            A verification code will be sent to your email
          </h2>
          <form
            class="forgot-password-page__forgot-password-form__form-fields"
            data-testid="forgot-password-form"
          >
            <div
              class="forgot-password-page__forgot-password-form__emailid-field"
              data-testid="input-field"
            >
              <div
                class="input-text-field"
              >
                <input
                  autocomplete="new-password"
                  autocorrect="off"
                  class="input-field static"
                  data-testid="emailfgt"
                  id="email_field"
                  placeholder="Enter your email address"
                  required=""
                  type="text"
                  value=""
                />
              </div>
            </div>
            <div
              class="forgot-password-page__forgot-password-form__submit-button"
            >
              <button
                class="button_full"
                data-testid="button_full"
                type="button"
              >
                SEND OTP
              </button>
            </div>
            <span
              class="forgot-password-page__forgot-password-form__login-redirect"
            >
              click here to 
              <a
                class="redirect-login"
                href="/login"
              >
                login 
              </a>
            </span>
          </form>
        </div>
        <div
          class="forgot-password-page__logo-container"
        >
          <img
            alt="logo"
            class="logo-page__img"
            src="lecarageLogo.png"
          />
        </div>
      </div>
    </div>
  </div>
</div>
`;
